[tcp @ 0x7cb5ee7c00] Connection to tcp://192.168.0.230:554?timeout=0 failed: Connection refused
[ WARN:0@14.773] global cap.cpp:214 open VIDEOIO(FFMPEG): backend is generally available but can't be used to capture by name
12:51:13 記録を始める → rec/20260919_1250
12:51:17 映像を繋ぎ直す（1回目・4秒待った）
[tcp @ 0x7cb5ee7c00] Connection to tcp://192.168.0.230:554?timeout=0 failed: Connection refused
[ WARN:1@18.795] global cap.cpp:214 open VIDEOIO(FFMPEG): backend is generally available but can't be used to capture by name
12:51:23 コマが 10 秒来ない → 映像を切って繋ぎ直す
12:51:24 コマが 11 秒来ない → 映像を切って繋ぎ直す
12:51:25 コマが 12 秒来ない → 映像を切って繋ぎ直す
12:51:25 映像を繋ぎ直す（2回目・8秒待った）
[tcp @ 0x7cb5ee7c00] Connection to tcp://192.168.0.230:554?timeout=0 failed: Connection refused
[ WARN:1@26.828] global cap.cpp:214 open VIDEOIO(FFMPEG): backend is generally available but can't be used to capture by name
12:51:26 コマが 13 秒来ない → 映像を切って繋ぎ直す
12:51:27 コマが 14 秒来ない → 映像を切って繋ぎ直す
12:51:28 コマが 15 秒来ない → 映像を切って繋ぎ直す
12:51:29 コマが 16 秒来ない → 映像を切って繋ぎ直す
12:51:30 コマが 17 秒来ない → 映像を切って繋ぎ直す
12:51:31 コマが 18 秒来ない → 映像を切って繋ぎ直す
12:51:32 コマが 19 秒来ない → 映像を切って繋ぎ直す
12:51:33 コマが 20 秒来ない → 映像を切って繋ぎ直す
12:51:34 コマが 21 秒来ない → 映像を切って繋ぎ直す
12:51:35 コマが 22 秒来ない → 映像を切って繋ぎ直す
12:51:36 コマが 23 秒来ない → 映像を切って繋ぎ直す
12:51:37 コマが 24 秒来ない → 映像を切って繋ぎ直す
12:51:38 コマが 25 秒来ない → 映像を切って繋ぎ直す
12:51:39 コマが 26 秒来ない → 映像を切って繋ぎ直す
12:51:40 コマが 27 秒来ない → 映像を切って繋ぎ直す
12:51:41 映像を繋ぎ直す（3回目・16秒待った）
[tcp @ 0x7cb5ee7c00] Connection to tcp://192.168.0.230:554?timeout=0 failed: Connection refused
[ WARN:1@42.846] global cap.cpp:214 open VIDEOIO(FFMPEG): backend is generally available but can't be used to capture by name
12:51:41 コマが 28 秒来ない → 映像を切って繋ぎ直す
12:51:42 コマが 29 秒来ない → 映像を切って繋ぎ直す
12:51:43 コマが 30 秒来ない → 映像を切って繋ぎ直す
12:51:44 コマが 31 秒来ない → 映像を切って繋ぎ直す
12:51:45 コマが 32 秒来ない → 映像を切って繋ぎ直す
12:51:46 コマが 33 秒来ない → 映像を切って繋ぎ直す
12:51:47 コマが 34 秒来ない → 映像を切って繋ぎ直す
12:51:48 コマが 35 秒来ない → 映像を切って繋ぎ直す
12:51:49 コマが 36 秒来ない → 映像を切って繋ぎ直す
12:51:50 コマが 37 秒来ない → 映像を切って繋ぎ直す
12:51:51 コマが 38 秒来ない → 映像を切って繋ぎ直す
12:51:52 コマが 39 秒来ない → 映像を切って繋ぎ直す
12:51:53 コマが 40 秒来ない → 映像を切って繋ぎ直す
12:51:54 コマが 41 秒来ない → 映像を切って繋ぎ直す
12:51:55 コマが 42 秒来ない → 映像を切って繋ぎ直す
12:51:56 コマが 43 秒来ない → 映像を切って繋ぎ直す
12:51:57 コマが 44 秒来ない → 映像を切って繋ぎ直す
12:51:58 コマが 45 秒来ない → 映像を切って繋ぎ直す
12:51:59 コマが 46 秒来ない → 映像を切って繋ぎ直す
12:52:00 コマが 47 秒来ない → 映像を切って繋ぎ直す
12:52:01 コマが 48 秒来ない → 映像を切って繋ぎ直す
12:52:02 コマが 49 秒来ない → 映像を切って繋ぎ直す
12:52:03 コマが 50 秒来ない → 映像を切って繋ぎ直す
12:52:04 コマが 51 秒来ない → 映像を切って繋ぎ直す
12:52:05 コマが 52 秒来ない → 映像を切って繋ぎ直す
12:52:06 コマが 53 秒来ない → 映像を切って繋ぎ直す
12:52:07 コマが 54 秒来ない → 映像を切って繋ぎ直す
12:52:08 コマが 55 秒来ない → 映像を切って繋ぎ直す
12:52:09 コマが 56 秒来ない → 映像を切って繋ぎ直す
12:52:10 コマが 57 秒来ない → 映像を切って繋ぎ直す
12:52:11 映像を繋ぎ直す（4回目・30秒待った）
[tcp @ 0x7cb5ee7c00] Connection to tcp://192.168.0.230:554?timeout=0 failed: Connection refused
[ WARN:1@72.865] global cap.cpp:214 open VIDEOIO(FFMPEG): backend is generally available but can't be used to capture by name
12:52:11 コマが 58 秒来ない → 映像を切って繋ぎ直す
12:52:12 コマが 59 秒来ない → 映像を切って繋ぎ直す
12:52:13 映像を繋ぎ直す（5回目・2秒待った）
[tcp @ 0x7cb5ee7c00] Connection to tcp://192.168.0.230:554?timeout=0 failed: Connection refused
[ WARN:1@74.881] global cap.cpp:214 open VIDEOIO(FFMPEG): backend is generally available but can't be used to capture by name
12:52:13 コマが 60 秒来ない → 映像を切って繋ぎ直す
12:52:14 コマが 61 秒来ない → 映像を切って繋ぎ直す
